// Jest Snapshot v1, https://goo.gl/fbAQLP

exports[`renders correctly 1`] = `
<View
  style={
    Object {
      "alignItems": "center",
      "backgroundColor": "#0A2955",
      "flex": 1,
      "justifyContent": "center",
      "width": "100%",
    }
  }
>
  <Text
    accessible={true}
    allowFontScaling={true}
    ellipsizeMode="tail"
    style={
      Object {
        "color": "#FFF",
        "fontSize": 22,
        "fontWeight": "bold",
      }
    }
  >
    teste
     0.1.21
  </Text>
</View>
`;
