// Jest Snapshot v1, https://goo.gl/fbAQLP

exports[`renders correctly 1`] = `
<Modal
  animationType="fade"
  hardwareAccelerated={false}
  onRequestClose={[Function]}
  transparent={true}
  visible={true}
>
  <View
    style={
      Object {
        "alignItems": "center",
        "flex": 1,
        "justifyContent": "center",
      }
    }
  >
    <View
      style={
        Object {
          "alignItems": "center",
          "backgroundColor": "#000",
          "flex": 1,
          "height": "100%",
          "justifyContent": "center",
          "opacity": 0.8,
          "position": "absolute",
          "width": "100%",
          "zIndex": 1,
        }
      }
    />
    <View
      style={
        Object {
          "backgroundColor": "#FFF",
          "borderRadius": 10,
          "justifyContent": "center",
          "paddingHorizontal": 5,
          "paddingVertical": 10,
          "position": "absolute",
          "width": "80%",
          "zIndex": 2,
        }
      }
    >
      <Text
        accessible={true}
        allowFontScaling={true}
        ellipsizeMode="tail"
        style={
          Object {
            "alignSelf": "center",
            "fontSize": 18,
            "fontWeight": "bold",
            "marginBottom": 5,
          }
        }
      >
        Erro
      </Text>
      <Text
        accessible={true}
        allowFontScaling={true}
        ellipsizeMode="tail"
        style={
          Object {
            "fontSize": 14,
            "marginBottom": 5,
          }
        }
      >
        O aplicativo se comportou de maneira inesperada.
      </Text>
      <Text
        accessible={true}
        allowFontScaling={true}
        ellipsizeMode="tail"
        style={
          Object {
            "fontSize": 14,
          }
        }
      >
        Tente conferir os dados, voltar uma tela ou reiniciar o app.
      </Text>
      <View
        accessibilityComponentType={undefined}
        accessibilityLabel={undefined}
        accessibilityTraits={undefined}
        accessible={true}
        collapsable={undefined}
        hasTVPreferredFocus={undefined}
        hitSlop={undefined}
        isTVSelectable={true}
        nativeID={undefined}
        onLayout={undefined}
        onResponderGrant={[Function]}
        onResponderMove={[Function]}
        onResponderRelease={[Function]}
        onResponderTerminate={[Function]}
        onResponderTerminationRequest={[Function]}
        onStartShouldSetResponder={[Function]}
        style={
          Object {
            "alignItems": "center",
            "alignSelf": "center",
            "backgroundColor": "#5C86F5",
            "borderRadius": 2,
            "elevation": 4,
            "marginTop": 10,
            "minWidth": "30%",
            "opacity": 1,
            "paddingVertical": 4,
          }
        }
        testID={undefined}
        tvParallaxProperties={undefined}
      >
        <Text
          accessible={true}
          allowFontScaling={true}
          ellipsizeMode="tail"
          style={
            Object {
              "color": "#FFF",
              "fontSize": 16,
              "fontWeight": "bold",
              "marginHorizontal": 5,
            }
          }
        >
          OK
        </Text>
      </View>
    </View>
  </View>
</Modal>
`;
