// Jest Snapshot v1, https://goo.gl/fbAQLP

exports[`renders correctly 1`] = `
<View
  style={
    Object {
      "alignItems": "center",
      "borderTopColor": "#D0D0D0",
      "borderTopWidth": 1,
      "flexDirection": "row",
      "height": 60,
      "marginTop": 0,
      "width": "100%",
    }
  }
>
  <View
    style={
      Object {
        "alignItems": "center",
        "flex": 6,
        "flexDirection": "row",
        "paddingHorizontal": 8,
      }
    }
  >
    <View
      style={
        Object {
          "alignItems": "center",
          "flex": 7,
        }
      }
    >
      <Text
        accessible={true}
        allowFontScaling={true}
        ellipsizeMode="tail"
        style={
          Object {
            "color": "#666",
            "fontWeight": "bold",
            "textAlign": "center",
          }
        }
      >
        Comprometimento de renda atual:
      </Text>
    </View>
    <View
      style={
        Object {
          "alignItems": "center",
          "flex": 3,
        }
      }
    >
      <Text
        accessible={true}
        allowFontScaling={true}
        ellipsizeMode="tail"
        style={
          Object {
            "color": "#666",
            "fontWeight": "bold",
            "textAlign": "center",
          }
        }
      >
        %
      </Text>
    </View>
  </View>
  <View
    style={
      Object {
        "alignItems": "center",
        "flex": 4,
      }
    }
  >
    <View
      accessibilityComponentType={undefined}
      accessibilityLabel={undefined}
      accessibilityTraits={undefined}
      accessible={true}
      collapsable={undefined}
      hasTVPreferredFocus={undefined}
      hitSlop={undefined}
      isTVSelectable={true}
      nativeID={undefined}
      onLayout={undefined}
      onResponderGrant={[Function]}
      onResponderMove={[Function]}
      onResponderRelease={[Function]}
      onResponderTerminate={[Function]}
      onResponderTerminationRequest={[Function]}
      onStartShouldSetResponder={[Function]}
      style={
        Object {
          "alignItems": "center",
          "backgroundColor": "#5C86F5",
          "borderRadius": 2,
          "elevation": 4,
          "height": 35,
          "justifyContent": "center",
          "maxWidth": "90%",
          "minWidth": "80%",
          "opacity": 1,
          "paddingVertical": 4,
        }
      }
      testID={undefined}
      tvParallaxProperties={undefined}
    >
      <Text
        accessible={true}
        allowFontScaling={true}
        ellipsizeMode="tail"
        style={
          Object {
            "color": "#FFF",
            "fontSize": 14,
            "fontWeight": "bold",
            "marginHorizontal": 5,
          }
        }
      >
        PRÃ“XIMA ETAPA
      </Text>
    </View>
  </View>
</View>
`;
