// Jest Snapshot v1, https://goo.gl/fbAQLP

exports[`SliderGasto renders correctly 1`] = `
ShallowWrapper {
  "length": 1,
  Symbol(enzyme.__root__): [Circular],
  Symbol(enzyme.__unrendered__): <SliderGasto
    inicial={50}
    retorno={[Function]}
  />,
  Symbol(enzyme.__renderer__): Object {
    "batchedUpdates": [Function],
    "getNode": [Function],
    "render": [Function],
    "simulateEvent": [Function],
    "unmount": [Function],
  },
  Symbol(enzyme.__node__): Object {
    "instance": null,
    "key": undefined,
    "nodeType": "class",
    "props": Object {
      "children": Array [
        <View
          style={
            Object {
              "alignItems": "center",
              "flexDirection": "row",
              "justifyContent": "space-between",
              "width": "100%",
            }
          }
        >
          <Text
            style={
              Object {
                "color": "#666",
              }
            }
          >
            Informe seu gasto mensal: 
          </Text>
        </View>,
        <View
          style={
            Object {
              "alignItems": "center",
              "flexDirection": "row",
              "justifyContent": "space-between",
              "width": "100%",
            }
          }
        >
          <Slider
            animationType="timing"
            debugTouchArea={false}
            maximumTrackTintColor="#b3b3b3"
            maximumValue={0}
            minimumTrackTintColor="#14567A"
            minimumValue={0}
            onSlidingComplete={[Function]}
            onValueChange={[Function]}
            step={100}
            style={
              Object {
                "height": 40,
                "width": "70%",
              }
            }
            thumbTintColor="#14567A"
            thumbTouchSize={
              Object {
                "height": 40,
                "width": 40,
              }
            }
            value={50}
          />
          <View
            style={
              Object {
                "alignItems": "center",
                "height": 40,
                "justifyContent": "center",
                "width": "30%",
              }
            }
          >
            <Text
              style={
                Object {
                  "alignSelf": "center",
                  "textAlign": "center",
                  "textAlignVertical": "center",
                  "width": "100%",
                }
              }
            >
              R$ 50
            </Text>
          </View>
        </View>,
      ],
      "style": Object {
        "alignItems": "flex-start",
        "flexDirection": "column",
        "justifyContent": "space-between",
        "marginBottom": 8,
        "width": "100%",
      },
    },
    "ref": null,
    "rendered": Array [
      Object {
        "instance": null,
        "key": undefined,
        "nodeType": "class",
        "props": Object {
          "children": <Text
            style={
              Object {
                "color": "#666",
              }
            }
          >
            Informe seu gasto mensal: 
          </Text>,
          "style": Object {
            "alignItems": "center",
            "flexDirection": "row",
            "justifyContent": "space-between",
            "width": "100%",
          },
        },
        "ref": null,
        "rendered": Object {
          "instance": null,
          "key": undefined,
          "nodeType": "class",
          "props": Object {
            "children": "Informe seu gasto mensal: ",
            "style": Object {
              "color": "#666",
            },
          },
          "ref": null,
          "rendered": "Informe seu gasto mensal: ",
          "type": [Function],
        },
        "type": [Function],
      },
      Object {
        "instance": null,
        "key": undefined,
        "nodeType": "class",
        "props": Object {
          "children": Array [
            <Slider
              animationType="timing"
              debugTouchArea={false}
              maximumTrackTintColor="#b3b3b3"
              maximumValue={0}
              minimumTrackTintColor="#14567A"
              minimumValue={0}
              onSlidingComplete={[Function]}
              onValueChange={[Function]}
              step={100}
              style={
                Object {
                  "height": 40,
                  "width": "70%",
                }
              }
              thumbTintColor="#14567A"
              thumbTouchSize={
                Object {
                  "height": 40,
                  "width": 40,
                }
              }
              value={50}
            />,
            <View
              style={
                Object {
                  "alignItems": "center",
                  "height": 40,
                  "justifyContent": "center",
                  "width": "30%",
                }
              }
            >
              <Text
                style={
                  Object {
                    "alignSelf": "center",
                    "textAlign": "center",
                    "textAlignVertical": "center",
                    "width": "100%",
                  }
                }
              >
                R$ 50
              </Text>
            </View>,
          ],
          "style": Object {
            "alignItems": "center",
            "flexDirection": "row",
            "justifyContent": "space-between",
            "width": "100%",
          },
        },
        "ref": null,
        "rendered": Array [
          Object {
            "instance": null,
            "key": undefined,
            "nodeType": "class",
            "props": Object {
              "animationType": "timing",
              "debugTouchArea": false,
              "maximumTrackTintColor": "#b3b3b3",
              "maximumValue": 0,
              "minimumTrackTintColor": "#14567A",
              "minimumValue": 0,
              "onSlidingComplete": [Function],
              "onValueChange": [Function],
              "step": 100,
              "style": Object {
                "height": 40,
                "width": "70%",
              },
              "thumbTintColor": "#14567A",
              "thumbTouchSize": Object {
                "height": 40,
                "width": 40,
              },
              "value": 50,
            },
            "ref": null,
            "rendered": null,
            "type": [Function],
          },
          Object {
            "instance": null,
            "key": undefined,
            "nodeType": "class",
            "props": Object {
              "children": <Text
                style={
                  Object {
                    "alignSelf": "center",
                    "textAlign": "center",
                    "textAlignVertical": "center",
                    "width": "100%",
                  }
                }
              >
                R$ 50
              </Text>,
              "style": Object {
                "alignItems": "center",
                "height": 40,
                "justifyContent": "center",
                "width": "30%",
              },
            },
            "ref": null,
            "rendered": Object {
              "instance": null,
              "key": undefined,
              "nodeType": "class",
              "props": Object {
                "children": "R$ 50",
                "style": Object {
                  "alignSelf": "center",
                  "textAlign": "center",
                  "textAlignVertical": "center",
                  "width": "100%",
                },
              },
              "ref": null,
              "rendered": "R$ 50",
              "type": [Function],
            },
            "type": [Function],
          },
        ],
        "type": [Function],
      },
    ],
    "type": [Function],
  },
  Symbol(enzyme.__nodes__): Array [
    Object {
      "instance": null,
      "key": undefined,
      "nodeType": "class",
      "props": Object {
        "children": Array [
          <View
            style={
              Object {
                "alignItems": "center",
                "flexDirection": "row",
                "justifyContent": "space-between",
                "width": "100%",
              }
            }
          >
            <Text
              style={
                Object {
                  "color": "#666",
                }
              }
            >
              Informe seu gasto mensal: 
            </Text>
          </View>,
          <View
            style={
              Object {
                "alignItems": "center",
                "flexDirection": "row",
                "justifyContent": "space-between",
                "width": "100%",
              }
            }
          >
            <Slider
              animationType="timing"
              debugTouchArea={false}
              maximumTrackTintColor="#b3b3b3"
              maximumValue={0}
              minimumTrackTintColor="#14567A"
              minimumValue={0}
              onSlidingComplete={[Function]}
              onValueChange={[Function]}
              step={100}
              style={
                Object {
                  "height": 40,
                  "width": "70%",
                }
              }
              thumbTintColor="#14567A"
              thumbTouchSize={
                Object {
                  "height": 40,
                  "width": 40,
                }
              }
              value={50}
            />
            <View
              style={
                Object {
                  "alignItems": "center",
                  "height": 40,
                  "justifyContent": "center",
                  "width": "30%",
                }
              }
            >
              <Text
                style={
                  Object {
                    "alignSelf": "center",
                    "textAlign": "center",
                    "textAlignVertical": "center",
                    "width": "100%",
                  }
                }
              >
                R$ 50
              </Text>
            </View>
          </View>,
        ],
        "style": Object {
          "alignItems": "flex-start",
          "flexDirection": "column",
          "justifyContent": "space-between",
          "marginBottom": 8,
          "width": "100%",
        },
      },
      "ref": null,
      "rendered": Array [
        Object {
          "instance": null,
          "key": undefined,
          "nodeType": "class",
          "props": Object {
            "children": <Text
              style={
                Object {
                  "color": "#666",
                }
              }
            >
              Informe seu gasto mensal: 
            </Text>,
            "style": Object {
              "alignItems": "center",
              "flexDirection": "row",
              "justifyContent": "space-between",
              "width": "100%",
            },
          },
          "ref": null,
          "rendered": Object {
            "instance": null,
            "key": undefined,
            "nodeType": "class",
            "props": Object {
              "children": "Informe seu gasto mensal: ",
              "style": Object {
                "color": "#666",
              },
            },
            "ref": null,
            "rendered": "Informe seu gasto mensal: ",
            "type": [Function],
          },
          "type": [Function],
        },
        Object {
          "instance": null,
          "key": undefined,
          "nodeType": "class",
          "props": Object {
            "children": Array [
              <Slider
                animationType="timing"
                debugTouchArea={false}
                maximumTrackTintColor="#b3b3b3"
                maximumValue={0}
                minimumTrackTintColor="#14567A"
                minimumValue={0}
                onSlidingComplete={[Function]}
                onValueChange={[Function]}
                step={100}
                style={
                  Object {
                    "height": 40,
                    "width": "70%",
                  }
                }
                thumbTintColor="#14567A"
                thumbTouchSize={
                  Object {
                    "height": 40,
                    "width": 40,
                  }
                }
                value={50}
              />,
              <View
                style={
                  Object {
                    "alignItems": "center",
                    "height": 40,
                    "justifyContent": "center",
                    "width": "30%",
                  }
                }
              >
                <Text
                  style={
                    Object {
                      "alignSelf": "center",
                      "textAlign": "center",
                      "textAlignVertical": "center",
                      "width": "100%",
                    }
                  }
                >
                  R$ 50
                </Text>
              </View>,
            ],
            "style": Object {
              "alignItems": "center",
              "flexDirection": "row",
              "justifyContent": "space-between",
              "width": "100%",
            },
          },
          "ref": null,
          "rendered": Array [
            Object {
              "instance": null,
              "key": undefined,
              "nodeType": "class",
              "props": Object {
                "animationType": "timing",
                "debugTouchArea": false,
                "maximumTrackTintColor": "#b3b3b3",
                "maximumValue": 0,
                "minimumTrackTintColor": "#14567A",
                "minimumValue": 0,
                "onSlidingComplete": [Function],
                "onValueChange": [Function],
                "step": 100,
                "style": Object {
                  "height": 40,
                  "width": "70%",
                },
                "thumbTintColor": "#14567A",
                "thumbTouchSize": Object {
                  "height": 40,
                  "width": 40,
                },
                "value": 50,
              },
              "ref": null,
              "rendered": null,
              "type": [Function],
            },
            Object {
              "instance": null,
              "key": undefined,
              "nodeType": "class",
              "props": Object {
                "children": <Text
                  style={
                    Object {
                      "alignSelf": "center",
                      "textAlign": "center",
                      "textAlignVertical": "center",
                      "width": "100%",
                    }
                  }
                >
                  R$ 50
                </Text>,
                "style": Object {
                  "alignItems": "center",
                  "height": 40,
                  "justifyContent": "center",
                  "width": "30%",
                },
              },
              "ref": null,
              "rendered": Object {
                "instance": null,
                "key": undefined,
                "nodeType": "class",
                "props": Object {
                  "children": "R$ 50",
                  "style": Object {
                    "alignSelf": "center",
                    "textAlign": "center",
                    "textAlignVertical": "center",
                    "width": "100%",
                  },
                },
                "ref": null,
                "rendered": "R$ 50",
                "type": [Function],
              },
              "type": [Function],
            },
          ],
          "type": [Function],
        },
      ],
      "type": [Function],
    },
  ],
  Symbol(enzyme.__options__): Object {
    "adapter": ReactSixteenAdapter {
      "options": Object {
        "enableComponentDidUpdateOnSetState": true,
      },
    },
  },
}
`;
