// Jest Snapshot v1, https://goo.gl/fbAQLP

exports[`SliderReserva renders correctly 1`] = `
ShallowWrapper {
  "length": 1,
  Symbol(enzyme.__root__): [Circular],
  Symbol(enzyme.__unrendered__): <SliderReserva
    inicial={50}
    retorno={[Function]}
  />,
  Symbol(enzyme.__renderer__): Object {
    "batchedUpdates": [Function],
    "getNode": [Function],
    "render": [Function],
    "simulateEvent": [Function],
    "unmount": [Function],
  },
  Symbol(enzyme.__node__): Object {
    "instance": null,
    "key": undefined,
    "nodeType": "class",
    "props": Object {
      "children": Array [
        <Component
          style={
            Object {
              "alignItems": "center",
              "flexDirection": "row",
              "justifyContent": "space-between",
              "width": "100%",
            }
          }
        >
          <Text
            accessible={true}
            allowFontScaling={true}
            ellipsizeMode="tail"
            style={
              Object {
                "color": "#666",
              }
            }
          >
            Faça sua reserva (sugestão 10%): 
          </Text>
        </Component>,
        <Component
          style={
            Object {
              "alignItems": "center",
              "flexDirection": "row",
              "justifyContent": "space-between",
              "width": "100%",
            }
          }
        >
          <Slider
            animationType="timing"
            debugTouchArea={false}
            maximumTrackTintColor="#b3b3b3"
            maximumValue={0}
            minimumTrackTintColor="#14567A"
            minimumValue={0}
            onSlidingComplete={[Function]}
            onValueChange={[Function]}
            step={50}
            style={
              Object {
                "height": 40,
                "width": "70%",
              }
            }
            testID="slider"
            thumbTintColor="#14567A"
            thumbTouchSize={
              Object {
                "height": 40,
                "width": 40,
              }
            }
            value={50}
          />
          <Component
            style={
              Object {
                "alignItems": "center",
                "height": 40,
                "justifyContent": "center",
                "width": "30%",
              }
            }
          >
            <Text
              accessible={true}
              allowFontScaling={true}
              ellipsizeMode="tail"
              style={
                Object {
                  "alignSelf": "center",
                  "textAlign": "center",
                  "textAlignVertical": "center",
                  "width": "100%",
                }
              }
            >
              Infinity
              %
            </Text>
            <Text
              accessible={true}
              allowFontScaling={true}
              ellipsizeMode="tail"
              style={
                Object {
                  "alignSelf": "center",
                  "textAlign": "center",
                  "textAlignVertical": "center",
                  "width": "100%",
                }
              }
            >
              R$ 50
            </Text>
          </Component>
        </Component>,
      ],
      "style": Object {
        "alignItems": "flex-start",
        "flexDirection": "column",
        "justifyContent": "space-between",
        "marginBottom": 8,
        "width": "100%",
      },
    },
    "ref": null,
    "rendered": Array [
      Object {
        "instance": null,
        "key": undefined,
        "nodeType": "class",
        "props": Object {
          "children": <Text
            accessible={true}
            allowFontScaling={true}
            ellipsizeMode="tail"
            style={
              Object {
                "color": "#666",
              }
            }
          >
            Faça sua reserva (sugestão 10%): 
          </Text>,
          "style": Object {
            "alignItems": "center",
            "flexDirection": "row",
            "justifyContent": "space-between",
            "width": "100%",
          },
        },
        "ref": null,
        "rendered": Object {
          "instance": null,
          "key": undefined,
          "nodeType": "class",
          "props": Object {
            "accessible": true,
            "allowFontScaling": true,
            "children": "Faça sua reserva (sugestão 10%): ",
            "ellipsizeMode": "tail",
            "style": Object {
              "color": "#666",
            },
          },
          "ref": null,
          "rendered": "Faça sua reserva (sugestão 10%): ",
          "type": [Function],
        },
        "type": [Function],
      },
      Object {
        "instance": null,
        "key": undefined,
        "nodeType": "class",
        "props": Object {
          "children": Array [
            <Slider
              animationType="timing"
              debugTouchArea={false}
              maximumTrackTintColor="#b3b3b3"
              maximumValue={0}
              minimumTrackTintColor="#14567A"
              minimumValue={0}
              onSlidingComplete={[Function]}
              onValueChange={[Function]}
              step={50}
              style={
                Object {
                  "height": 40,
                  "width": "70%",
                }
              }
              testID="slider"
              thumbTintColor="#14567A"
              thumbTouchSize={
                Object {
                  "height": 40,
                  "width": 40,
                }
              }
              value={50}
            />,
            <Component
              style={
                Object {
                  "alignItems": "center",
                  "height": 40,
                  "justifyContent": "center",
                  "width": "30%",
                }
              }
            >
              <Text
                accessible={true}
                allowFontScaling={true}
                ellipsizeMode="tail"
                style={
                  Object {
                    "alignSelf": "center",
                    "textAlign": "center",
                    "textAlignVertical": "center",
                    "width": "100%",
                  }
                }
              >
                Infinity
                %
              </Text>
              <Text
                accessible={true}
                allowFontScaling={true}
                ellipsizeMode="tail"
                style={
                  Object {
                    "alignSelf": "center",
                    "textAlign": "center",
                    "textAlignVertical": "center",
                    "width": "100%",
                  }
                }
              >
                R$ 50
              </Text>
            </Component>,
          ],
          "style": Object {
            "alignItems": "center",
            "flexDirection": "row",
            "justifyContent": "space-between",
            "width": "100%",
          },
        },
        "ref": null,
        "rendered": Array [
          Object {
            "instance": null,
            "key": undefined,
            "nodeType": "class",
            "props": Object {
              "animationType": "timing",
              "debugTouchArea": false,
              "maximumTrackTintColor": "#b3b3b3",
              "maximumValue": 0,
              "minimumTrackTintColor": "#14567A",
              "minimumValue": 0,
              "onSlidingComplete": [Function],
              "onValueChange": [Function],
              "step": 50,
              "style": Object {
                "height": 40,
                "width": "70%",
              },
              "testID": "slider",
              "thumbTintColor": "#14567A",
              "thumbTouchSize": Object {
                "height": 40,
                "width": 40,
              },
              "value": 50,
            },
            "ref": null,
            "rendered": null,
            "type": [Function],
          },
          Object {
            "instance": null,
            "key": undefined,
            "nodeType": "class",
            "props": Object {
              "children": Array [
                <Text
                  accessible={true}
                  allowFontScaling={true}
                  ellipsizeMode="tail"
                  style={
                    Object {
                      "alignSelf": "center",
                      "textAlign": "center",
                      "textAlignVertical": "center",
                      "width": "100%",
                    }
                  }
                >
                  Infinity
                  %
                </Text>,
                <Text
                  accessible={true}
                  allowFontScaling={true}
                  ellipsizeMode="tail"
                  style={
                    Object {
                      "alignSelf": "center",
                      "textAlign": "center",
                      "textAlignVertical": "center",
                      "width": "100%",
                    }
                  }
                >
                  R$ 50
                </Text>,
              ],
              "style": Object {
                "alignItems": "center",
                "height": 40,
                "justifyContent": "center",
                "width": "30%",
              },
            },
            "ref": null,
            "rendered": Array [
              Object {
                "instance": null,
                "key": undefined,
                "nodeType": "class",
                "props": Object {
                  "accessible": true,
                  "allowFontScaling": true,
                  "children": Array [
                    "Infinity",
                    "%",
                  ],
                  "ellipsizeMode": "tail",
                  "style": Object {
                    "alignSelf": "center",
                    "textAlign": "center",
                    "textAlignVertical": "center",
                    "width": "100%",
                  },
                },
                "ref": null,
                "rendered": Array [
                  "Infinity",
                  "%",
                ],
                "type": [Function],
              },
              Object {
                "instance": null,
                "key": undefined,
                "nodeType": "class",
                "props": Object {
                  "accessible": true,
                  "allowFontScaling": true,
                  "children": "R$ 50",
                  "ellipsizeMode": "tail",
                  "style": Object {
                    "alignSelf": "center",
                    "textAlign": "center",
                    "textAlignVertical": "center",
                    "width": "100%",
                  },
                },
                "ref": null,
                "rendered": "R$ 50",
                "type": [Function],
              },
            ],
            "type": [Function],
          },
        ],
        "type": [Function],
      },
    ],
    "type": [Function],
  },
  Symbol(enzyme.__nodes__): Array [
    Object {
      "instance": null,
      "key": undefined,
      "nodeType": "class",
      "props": Object {
        "children": Array [
          <Component
            style={
              Object {
                "alignItems": "center",
                "flexDirection": "row",
                "justifyContent": "space-between",
                "width": "100%",
              }
            }
          >
            <Text
              accessible={true}
              allowFontScaling={true}
              ellipsizeMode="tail"
              style={
                Object {
                  "color": "#666",
                }
              }
            >
              Faça sua reserva (sugestão 10%): 
            </Text>
          </Component>,
          <Component
            style={
              Object {
                "alignItems": "center",
                "flexDirection": "row",
                "justifyContent": "space-between",
                "width": "100%",
              }
            }
          >
            <Slider
              animationType="timing"
              debugTouchArea={false}
              maximumTrackTintColor="#b3b3b3"
              maximumValue={0}
              minimumTrackTintColor="#14567A"
              minimumValue={0}
              onSlidingComplete={[Function]}
              onValueChange={[Function]}
              step={50}
              style={
                Object {
                  "height": 40,
                  "width": "70%",
                }
              }
              testID="slider"
              thumbTintColor="#14567A"
              thumbTouchSize={
                Object {
                  "height": 40,
                  "width": 40,
                }
              }
              value={50}
            />
            <Component
              style={
                Object {
                  "alignItems": "center",
                  "height": 40,
                  "justifyContent": "center",
                  "width": "30%",
                }
              }
            >
              <Text
                accessible={true}
                allowFontScaling={true}
                ellipsizeMode="tail"
                style={
                  Object {
                    "alignSelf": "center",
                    "textAlign": "center",
                    "textAlignVertical": "center",
                    "width": "100%",
                  }
                }
              >
                Infinity
                %
              </Text>
              <Text
                accessible={true}
                allowFontScaling={true}
                ellipsizeMode="tail"
                style={
                  Object {
                    "alignSelf": "center",
                    "textAlign": "center",
                    "textAlignVertical": "center",
                    "width": "100%",
                  }
                }
              >
                R$ 50
              </Text>
            </Component>
          </Component>,
        ],
        "style": Object {
          "alignItems": "flex-start",
          "flexDirection": "column",
          "justifyContent": "space-between",
          "marginBottom": 8,
          "width": "100%",
        },
      },
      "ref": null,
      "rendered": Array [
        Object {
          "instance": null,
          "key": undefined,
          "nodeType": "class",
          "props": Object {
            "children": <Text
              accessible={true}
              allowFontScaling={true}
              ellipsizeMode="tail"
              style={
                Object {
                  "color": "#666",
                }
              }
            >
              Faça sua reserva (sugestão 10%): 
            </Text>,
            "style": Object {
              "alignItems": "center",
              "flexDirection": "row",
              "justifyContent": "space-between",
              "width": "100%",
            },
          },
          "ref": null,
          "rendered": Object {
            "instance": null,
            "key": undefined,
            "nodeType": "class",
            "props": Object {
              "accessible": true,
              "allowFontScaling": true,
              "children": "Faça sua reserva (sugestão 10%): ",
              "ellipsizeMode": "tail",
              "style": Object {
                "color": "#666",
              },
            },
            "ref": null,
            "rendered": "Faça sua reserva (sugestão 10%): ",
            "type": [Function],
          },
          "type": [Function],
        },
        Object {
          "instance": null,
          "key": undefined,
          "nodeType": "class",
          "props": Object {
            "children": Array [
              <Slider
                animationType="timing"
                debugTouchArea={false}
                maximumTrackTintColor="#b3b3b3"
                maximumValue={0}
                minimumTrackTintColor="#14567A"
                minimumValue={0}
                onSlidingComplete={[Function]}
                onValueChange={[Function]}
                step={50}
                style={
                  Object {
                    "height": 40,
                    "width": "70%",
                  }
                }
                testID="slider"
                thumbTintColor="#14567A"
                thumbTouchSize={
                  Object {
                    "height": 40,
                    "width": 40,
                  }
                }
                value={50}
              />,
              <Component
                style={
                  Object {
                    "alignItems": "center",
                    "height": 40,
                    "justifyContent": "center",
                    "width": "30%",
                  }
                }
              >
                <Text
                  accessible={true}
                  allowFontScaling={true}
                  ellipsizeMode="tail"
                  style={
                    Object {
                      "alignSelf": "center",
                      "textAlign": "center",
                      "textAlignVertical": "center",
                      "width": "100%",
                    }
                  }
                >
                  Infinity
                  %
                </Text>
                <Text
                  accessible={true}
                  allowFontScaling={true}
                  ellipsizeMode="tail"
                  style={
                    Object {
                      "alignSelf": "center",
                      "textAlign": "center",
                      "textAlignVertical": "center",
                      "width": "100%",
                    }
                  }
                >
                  R$ 50
                </Text>
              </Component>,
            ],
            "style": Object {
              "alignItems": "center",
              "flexDirection": "row",
              "justifyContent": "space-between",
              "width": "100%",
            },
          },
          "ref": null,
          "rendered": Array [
            Object {
              "instance": null,
              "key": undefined,
              "nodeType": "class",
              "props": Object {
                "animationType": "timing",
                "debugTouchArea": false,
                "maximumTrackTintColor": "#b3b3b3",
                "maximumValue": 0,
                "minimumTrackTintColor": "#14567A",
                "minimumValue": 0,
                "onSlidingComplete": [Function],
                "onValueChange": [Function],
                "step": 50,
                "style": Object {
                  "height": 40,
                  "width": "70%",
                },
                "testID": "slider",
                "thumbTintColor": "#14567A",
                "thumbTouchSize": Object {
                  "height": 40,
                  "width": 40,
                },
                "value": 50,
              },
              "ref": null,
              "rendered": null,
              "type": [Function],
            },
            Object {
              "instance": null,
              "key": undefined,
              "nodeType": "class",
              "props": Object {
                "children": Array [
                  <Text
                    accessible={true}
                    allowFontScaling={true}
                    ellipsizeMode="tail"
                    style={
                      Object {
                        "alignSelf": "center",
                        "textAlign": "center",
                        "textAlignVertical": "center",
                        "width": "100%",
                      }
                    }
                  >
                    Infinity
                    %
                  </Text>,
                  <Text
                    accessible={true}
                    allowFontScaling={true}
                    ellipsizeMode="tail"
                    style={
                      Object {
                        "alignSelf": "center",
                        "textAlign": "center",
                        "textAlignVertical": "center",
                        "width": "100%",
                      }
                    }
                  >
                    R$ 50
                  </Text>,
                ],
                "style": Object {
                  "alignItems": "center",
                  "height": 40,
                  "justifyContent": "center",
                  "width": "30%",
                },
              },
              "ref": null,
              "rendered": Array [
                Object {
                  "instance": null,
                  "key": undefined,
                  "nodeType": "class",
                  "props": Object {
                    "accessible": true,
                    "allowFontScaling": true,
                    "children": Array [
                      "Infinity",
                      "%",
                    ],
                    "ellipsizeMode": "tail",
                    "style": Object {
                      "alignSelf": "center",
                      "textAlign": "center",
                      "textAlignVertical": "center",
                      "width": "100%",
                    },
                  },
                  "ref": null,
                  "rendered": Array [
                    "Infinity",
                    "%",
                  ],
                  "type": [Function],
                },
                Object {
                  "instance": null,
                  "key": undefined,
                  "nodeType": "class",
                  "props": Object {
                    "accessible": true,
                    "allowFontScaling": true,
                    "children": "R$ 50",
                    "ellipsizeMode": "tail",
                    "style": Object {
                      "alignSelf": "center",
                      "textAlign": "center",
                      "textAlignVertical": "center",
                      "width": "100%",
                    },
                  },
                  "ref": null,
                  "rendered": "R$ 50",
                  "type": [Function],
                },
              ],
              "type": [Function],
            },
          ],
          "type": [Function],
        },
      ],
      "type": [Function],
    },
  ],
  Symbol(enzyme.__options__): Object {
    "adapter": ReactSixteenAdapter {
      "options": Object {
        "enableComponentDidUpdateOnSetState": true,
      },
    },
  },
}
`;
